2025-05-08 17:15:39,184 - experiments.templates.fusion_model_experiment - INFO - 实验初始化完成，配置已保存到 experiments/runs/fusion_model_experiment
2025-05-08 17:15:39,184 - experiments.templates.fusion_model_experiment - INFO - 开始运行Prophet+LightGBM融合模型实验...
2025-05-08 17:15:39,184 - experiments.templates.fusion_model_experiment - INFO - 数据文件 data/processed/time_series_data.csv 不存在，生成模拟数据...
2025-05-08 17:15:39,215 - experiments.templates.fusion_model_experiment - INFO - 生成的样本数据已保存到 data/processed/time_series_data.csv
2025-05-08 17:15:39,221 - experiments.templates.fusion_model_experiment - INFO - 使用 z-score 方法标准化数据...
2025-05-08 17:15:46,534 - experiments.templates.fusion_model_experiment - INFO - 数据加载完成。训练集: 584行, 测试集: 146行
2025-05-08 17:15:46,534 - experiments.templates.fusion_model_experiment - INFO - 运行Prophet单独模型...
2025-05-08 17:15:46,535 - experiments.templates.fusion_model_experiment - INFO - 训练Prophet模型...
2025-05-08 17:15:46,868 - experiments.templates.fusion_model_experiment - INFO - 生成Prophet预测...
2025-05-08 17:15:47,073 - experiments.templates.fusion_model_experiment - ERROR - 实验运行出错: 'y_y'
Traceback (most recent call last):
  File "/Users/apple/opt/anaconda3/lib/python3.8/site-packages/pandas/core/indexes/base.py", line 3653, in get_loc
    return self._engine.get_loc(casted_key)
  File "pandas/_libs/index.pyx", line 147, in pandas._libs.index.IndexEngine.get_loc
  File "pandas/_libs/index.pyx", line 176, in pandas._libs.index.IndexEngine.get_loc
  File "pandas/_libs/hashtable_class_helper.pxi", line 7080, in pandas._libs.hashtable.PyObjectHashTable.get_item
  File "pandas/_libs/hashtable_class_helper.pxi", line 7088, in pandas._libs.hashtable.PyObjectHashTable.get_item
KeyError: 'y_y'

The above exception was the direct cause of the following exception:

Traceback (most recent call last):
  File "/Users/ruixue.li/lrx/autocaiji/experiments/templates/fusion_model_experiment.py", line 539, in run
    results = self.run_comparison()
  File "/Users/ruixue.li/lrx/autocaiji/experiments/templates/fusion_model_experiment.py", line 447, in run_comparison
    prophet_metrics = self.run_prophet_model()
  File "/Users/ruixue.li/lrx/autocaiji/experiments/templates/fusion_model_experiment.py", line 227, in run_prophet_model
    metrics = self._evaluate_forecast(forecast, self.test_data, 'prophet')
  File "/Users/ruixue.li/lrx/autocaiji/experiments/templates/fusion_model_experiment.py", line 290, in _evaluate_forecast
    y_true = merged['y_y'].values
  File "/Users/apple/opt/anaconda3/lib/python3.8/site-packages/pandas/core/frame.py", line 3761, in __getitem__
    indexer = self.columns.get_loc(key)
  File "/Users/apple/opt/anaconda3/lib/python3.8/site-packages/pandas/core/indexes/base.py", line 3655, in get_loc
    raise KeyError(key) from err
KeyError: 'y_y'
2025-05-08 17:22:28,787 - experiments.templates.fusion_model_experiment - INFO - 实验初始化完成，配置已保存到 experiments/runs/fusion_model_experiment
2025-05-08 17:22:28,788 - experiments.templates.fusion_model_experiment - INFO - 开始运行Prophet+LightGBM融合模型实验...
2025-05-08 17:22:28,788 - experiments.templates.fusion_model_experiment - INFO - 从 data/processed/time_series_data.csv 加载数据...
2025-05-08 17:22:28,812 - experiments.templates.fusion_model_experiment - INFO - 使用 z-score 方法标准化数据...
2025-05-08 17:22:34,193 - experiments.templates.fusion_model_experiment - INFO - 数据加载完成。训练集: 584行, 测试集: 146行
2025-05-08 17:22:34,194 - experiments.templates.fusion_model_experiment - INFO - 运行Prophet单独模型...
2025-05-08 17:22:34,194 - experiments.templates.fusion_model_experiment - INFO - 训练Prophet模型...
2025-05-08 17:22:34,556 - experiments.templates.fusion_model_experiment - INFO - 生成Prophet预测...
2025-05-08 17:22:34,723 - experiments.templates.fusion_model_experiment - INFO - Prophet模型评估指标: {'mae': 57.501174845433276, 'mse': 3716.8980557164705, 'rmse': 60.966368234596935, 'r2': -73.92576525593346}
2025-05-08 17:22:34,748 - experiments.templates.fusion_model_experiment - INFO - prophet预测结果已保存到 experiments/runs/fusion_model_experiment/prophet_forecast.csv
2025-05-08 17:22:35,985 - experiments.templates.fusion_model_experiment - INFO - 运行Prophet+LightGBM融合模型...
2025-05-08 17:22:35,986 - experiments.templates.fusion_model_experiment - INFO - 训练Prophet+LightGBM融合模型...
2025-05-08 17:22:36,415 - experiments.templates.fusion_model_experiment - INFO - 生成融合模型预测...
2025-05-08 17:22:36,635 - experiments.templates.fusion_model_experiment - INFO - 融合模型评估指标: {'mae': 95.33751403440648, 'mse': 10192.403255396897, 'rmse': 100.95743288830643, 'r2': -82.22326014230912}
2025-05-08 17:22:36,665 - experiments.templates.fusion_model_experiment - INFO - fusion预测结果已保存到 experiments/runs/fusion_model_experiment/fusion_forecast.csv
2025-05-08 17:22:39,466 - experiments.templates.fusion_model_experiment - INFO - 比较报告已保存到 experiments/runs/fusion_model_experiment/comparison_report.txt
2025-05-08 17:22:39,466 - experiments.templates.fusion_model_experiment - INFO - 模型比较实验完成
2025-05-08 17:22:39,470 - experiments.templates.fusion_model_experiment - INFO - Prophet模型已保存到 experiments/runs/fusion_model_experiment/prophet_model.pkl
2025-05-08 17:22:39,474 - experiments.templates.fusion_model_experiment - INFO - 融合模型已保存到 experiments/runs/fusion_model_experiment/fusion_model.pkl
2025-05-08 17:22:39,474 - experiments.templates.fusion_model_experiment - INFO - 实验完成，结果已保存到 experiments/runs/fusion_model_experiment
