2025-05-23 00:54:47,758 - __main__ - INFO - 开始启动系统...
2025-05-23 00:54:47,863 - __mp_main__ - INFO - 启动API服务...
2025-05-23 00:54:47,866 - __mp_main__ - INFO - 启动定时任务调度器...
2025-05-23 00:55:54,231 - __mp_main__ - ERROR - 定时任务调度器启动失败: Command '['python', 'tasks/prediction_cron.py']' returned non-zero exit status 1.
2025-05-23 01:02:36,056 - __main__ - INFO - 开始启动系统...
2025-05-23 01:02:36,148 - __mp_main__ - INFO - 启动定时任务调度器...
2025-05-23 01:02:36,149 - __mp_main__ - INFO - 启动API服务...
2025-05-23 01:02:36,365 - __mp_main__ - ERROR - API服务启动失败: Command '['uvicorn', 'api.main:app', '--host', '0.0.0.0', '--port', '8002', '--reload', '--log-level', 'info']' returned non-zero exit status 1.
2025-05-23 01:03:41,449 - __mp_main__ - ERROR - 定时任务调度器启动失败: Command '['python', 'tasks/prediction_cron.py']' returned non-zero exit status 1.
2025-05-23 01:03:41,462 - __main__ - INFO - 系统已停止
2025-05-23 01:09:19,923 - __main__ - INFO - 开始启动系统...
2025-05-23 01:09:20,007 - __mp_main__ - INFO - 启动API服务...
2025-05-23 01:09:20,009 - __mp_main__ - INFO - 启动定时任务调度器...
2025-05-23 01:09:20,260 - __mp_main__ - ERROR - API服务启动失败: Command '['uvicorn', 'api.main:app', '--host', '0.0.0.0', '--port', '8002', '--reload', '--log-level', 'info']' returned non-zero exit status 1.
2025-05-23 01:10:26,027 - __mp_main__ - ERROR - 定时任务调度器启动失败: Command '['python', 'tasks/prediction_cron.py']' returned non-zero exit status 1.
2025-05-23 01:10:26,057 - __main__ - INFO - 系统已停止
2025-05-23 01:12:34,282 - __main__ - INFO - 开始启动系统...
2025-05-23 01:12:34,384 - __mp_main__ - INFO - 启动定时任务调度器...
2025-05-23 01:12:34,384 - __mp_main__ - INFO - 启动API服务...
2025-05-23 01:12:34,637 - __mp_main__ - ERROR - API服务启动失败: Command '['uvicorn', 'api.main:app', '--host', '0.0.0.0', '--port', '8002', '--reload', '--log-level', 'info']' returned non-zero exit status 1.
2025-05-23 01:13:43,876 - __mp_main__ - ERROR - 定时任务调度器启动失败: Command '['python', 'tasks/prediction_cron.py']' returned non-zero exit status 1.
2025-05-23 01:13:43,884 - __main__ - INFO - 系统已停止
2025-05-23 01:27:14,175 - __main__ - INFO - 开始启动系统...
2025-05-23 01:27:14,274 - __mp_main__ - INFO - 启动API服务...
2025-05-23 01:27:14,275 - __mp_main__ - INFO - 启动定时任务调度器...
2025-05-23 01:27:14,751 - __mp_main__ - ERROR - API服务启动失败: Command '['uvicorn', 'api.main:app', '--host', '0.0.0.0', '--port', '8002', '--reload', '--log-level', 'info']' returned non-zero exit status 1.
2025-05-23 01:29:27,783 - __mp_main__ - ERROR - 定时任务调度器启动失败: Command '['python', 'tasks/prediction_cron.py']' returned non-zero exit status 1.
2025-05-23 01:29:27,802 - __main__ - INFO - 系统已停止
2025-05-23 01:31:18,843 - __main__ - INFO - 开始启动系统...
2025-05-23 01:31:18,936 - __mp_main__ - INFO - 启动API服务...
2025-05-23 01:31:18,939 - __mp_main__ - INFO - 启动定时任务调度器...
2025-05-23 01:31:19,167 - __mp_main__ - ERROR - API服务启动失败: Command '['uvicorn', 'api.main:app', '--host', '0.0.0.0', '--port', '8002', '--reload', '--log-level', 'info']' returned non-zero exit status 1.
2025-05-23 01:33:33,890 - __mp_main__ - ERROR - 定时任务调度器启动失败: Command '['python', 'tasks/prediction_cron.py']' returned non-zero exit status 1.
2025-05-23 01:33:33,921 - __main__ - INFO - 系统已停止
2025-05-23 01:35:43,487 - __main__ - INFO - 开始启动系统...
2025-05-23 01:35:43,580 - __mp_main__ - INFO - 启动API服务...
2025-05-23 01:35:43,586 - __mp_main__ - INFO - 启动定时任务调度器...
2025-05-23 01:35:43,875 - __mp_main__ - ERROR - API服务启动失败: Command '['uvicorn', 'api.main:app', '--host', '0.0.0.0', '--port', '8002', '--reload', '--log-level', 'info']' returned non-zero exit status 1.
2025-05-23 01:36:55,715 - __mp_main__ - ERROR - 定时任务调度器启动失败: Command '['python', 'tasks/prediction_cron.py']' returned non-zero exit status 1.
2025-05-23 01:36:55,726 - __main__ - INFO - 系统已停止
2025-05-23 01:39:34,880 - __main__ - INFO - 开始启动系统...
2025-05-23 01:39:34,978 - __mp_main__ - INFO - 启动API服务...
2025-05-23 01:39:34,978 - __mp_main__ - INFO - 启动定时任务调度器...
2025-05-23 01:39:35,227 - __mp_main__ - ERROR - API服务启动失败: Command '['uvicorn', 'api.main:app', '--host', '0.0.0.0', '--port', '8002', '--reload', '--log-level', 'info']' returned non-zero exit status 1.
2025-05-23 01:40:34,420 - __main__ - INFO - 开始启动系统...
2025-05-23 01:40:34,531 - __mp_main__ - INFO - 启动API服务...
2025-05-23 01:40:34,541 - __mp_main__ - INFO - 启动定时任务调度器...
2025-05-23 01:40:34,752 - __mp_main__ - ERROR - API服务启动失败: Command '['uvicorn', 'api.main:app', '--host', '0.0.0.0', '--port', '8002', '--reload', '--log-level', 'info']' returned non-zero exit status 1.
2025-05-23 01:41:52,710 - __mp_main__ - ERROR - 定时任务调度器启动失败: Command '['python', 'tasks/prediction_cron.py']' returned non-zero exit status 1.
2025-05-23 01:41:52,726 - __main__ - INFO - 系统已停止
2025-05-23 01:49:13,672 - __main__ - INFO - 开始启动系统...
2025-05-23 01:49:13,768 - __mp_main__ - INFO - 启动API服务...
2025-05-23 01:49:13,777 - __mp_main__ - INFO - 启动定时任务调度器...
2025-05-23 01:49:14,024 - __mp_main__ - ERROR - API服务启动失败: Command '['uvicorn', 'api.main:app', '--host', '0.0.0.0', '--port', '8002', '--reload', '--log-level', 'info']' returned non-zero exit status 1.
2025-05-23 01:50:19,476 - __mp_main__ - ERROR - 定时任务调度器启动失败: Command '['python', 'tasks/prediction_cron.py']' returned non-zero exit status 1.
2025-05-23 01:50:19,491 - __main__ - INFO - 系统已停止
